// Jest Snapshot v1, https://goo.gl/fbAQLP

exports[`<App /> should render App 1`] = `
<DocumentFragment>
  <div
    class="container"
  >
    <h1
      data-testid="title"
    >
      URL Shortener
    </h1>
    <div>
      <form
        data-testid="url-form"
      >
        <input
          data-testid="url"
          name="text"
          placeholder="https://example.com"
          required=""
          type="text"
          value=""
        />
        <button
          data-testid="submit"
        >
          Shorten
        </button>
      </form>
    </div>
    <div>
      <p
        data-testid="no-urls"
      >
        Start shortening your urls
      </p>
      <p
        data-testid="error"
      >
        Oops there seems to be a problem with the network. Check your connection and try again
      </p>
      <table>
        <thead>
          <tr>
            <td>
              Original Url
            </td>
            <td>
              Shortened Url
            </td>
            <td>
              Action
            </td>
          </tr>
        </thead>
        <tbody />
      </table>
    </div>
    <button
      class="delete-all"
      disabled=""
    >
      Delete all
    </button>
  </div>
</DocumentFragment>
`;
